[1.952s] Invoking command in '/home/chei/Desktop/sandhacks/ros2/src/oak_camera': PYTHONPATH=/home/chei/Desktop/sandhacks/build/oak_camera/prefix_override:/usr/lib/python3/dist-packages/colcon_core/task/python/colcon_distutils_commands:/home/chei/Desktop/sandhacks/install/oak_camera/lib/python3.10/site-packages:${PYTHONPATH} /usr/bin/python3 -W ignore:setup.py install is deprecated -W ignore:easy_install command is deprecated setup.py egg_info --egg-base ../../../build/oak_camera build --build-base /home/chei/Desktop/sandhacks/build/oak_camera/build install --record /home/chei/Desktop/sandhacks/build/oak_camera/install.log --single-version-externally-managed install_data
[2.598s] running egg_info
[2.608s] writing ../../../build/oak_camera/oak_camera.egg-info/PKG-INFO
[2.611s] writing dependency_links to ../../../build/oak_camera/oak_camera.egg-info/dependency_links.txt
[2.611s] writing entry points to ../../../build/oak_camera/oak_camera.egg-info/entry_points.txt
[2.611s] writing requirements to ../../../build/oak_camera/oak_camera.egg-info/requires.txt
[2.611s] writing top-level names to ../../../build/oak_camera/oak_camera.egg-info/top_level.txt
[2.614s] reading manifest file '../../../build/oak_camera/oak_camera.egg-info/SOURCES.txt'
[2.617s] writing manifest file '../../../build/oak_camera/oak_camera.egg-info/SOURCES.txt'
[2.618s] running build
[2.618s] running build_py
[2.620s] running install
[2.622s] running install_lib
[2.625s] running install_data
[2.627s] running install_egg_info
[2.631s] removing '/home/chei/Desktop/sandhacks/install/oak_camera/lib/python3.10/site-packages/oak_camera-0.1.0-py3.10.egg-info' (and everything under it)
[2.632s] Copying ../../../build/oak_camera/oak_camera.egg-info to /home/chei/Desktop/sandhacks/install/oak_camera/lib/python3.10/site-packages/oak_camera-0.1.0-py3.10.egg-info
[2.634s] running install_scripts
[2.698s] Installing camera_node script to /home/chei/Desktop/sandhacks/install/oak_camera/lib/oak_camera
[2.698s] writing list of installed files to '/home/chei/Desktop/sandhacks/build/oak_camera/install.log'
[2.742s] Invoked command in '/home/chei/Desktop/sandhacks/ros2/src/oak_camera' returned '0': PYTHONPATH=/home/chei/Desktop/sandhacks/build/oak_camera/prefix_override:/usr/lib/python3/dist-packages/colcon_core/task/python/colcon_distutils_commands:/home/chei/Desktop/sandhacks/install/oak_camera/lib/python3.10/site-packages:${PYTHONPATH} /usr/bin/python3 -W ignore:setup.py install is deprecated -W ignore:easy_install command is deprecated setup.py egg_info --egg-base ../../../build/oak_camera build --build-base /home/chei/Desktop/sandhacks/build/oak_camera/build install --record /home/chei/Desktop/sandhacks/build/oak_camera/install.log --single-version-externally-managed install_data
