running egg_info
creating ../../../build/oak_camera/oak_camera.egg-info
writing ../../../build/oak_camera/oak_camera.egg-info/PKG-INFO
writing dependency_links to ../../../build/oak_camera/oak_camera.egg-info/dependency_links.txt
writing entry points to ../../../build/oak_camera/oak_camera.egg-info/entry_points.txt
writing requirements to ../../../build/oak_camera/oak_camera.egg-info/requires.txt
writing top-level names to ../../../build/oak_camera/oak_camera.egg-info/top_level.txt
writing manifest file '../../../build/oak_camera/oak_camera.egg-info/SOURCES.txt'
reading manifest file '../../../build/oak_camera/oak_camera.egg-info/SOURCES.txt'
writing manifest file '../../../build/oak_camera/oak_camera.egg-info/SOURCES.txt'
running build
running build_py
creating /home/chei/Desktop/sandhacks/build/oak_camera/build
creating /home/chei/Desktop/sandhacks/build/oak_camera/build/lib
creating /home/chei/Desktop/sandhacks/build/oak_camera/build/lib/oak_camera
copying oak_camera/__init__.py -> /home/chei/Desktop/sandhacks/build/oak_camera/build/lib/oak_camera
copying oak_camera/camera_node.py -> /home/chei/Desktop/sandhacks/build/oak_camera/build/lib/oak_camera
running install
running install_lib
creating /home/chei/Desktop/sandhacks/install/oak_camera/lib/python3.10/site-packages/oak_camera
copying /home/chei/Desktop/sandhacks/build/oak_camera/build/lib/oak_camera/__init__.py -> /home/chei/Desktop/sandhacks/install/oak_camera/lib/python3.10/site-packages/oak_camera
copying /home/chei/Desktop/sandhacks/build/oak_camera/build/lib/oak_camera/camera_node.py -> /home/chei/Desktop/sandhacks/install/oak_camera/lib/python3.10/site-packages/oak_camera
byte-compiling /home/chei/Desktop/sandhacks/install/oak_camera/lib/python3.10/site-packages/oak_camera/__init__.py to __init__.cpython-310.pyc
byte-compiling /home/chei/Desktop/sandhacks/install/oak_camera/lib/python3.10/site-packages/oak_camera/camera_node.py to camera_node.cpython-310.pyc
running install_data
creating /home/chei/Desktop/sandhacks/install/oak_camera/share/ament_index
creating /home/chei/Desktop/sandhacks/install/oak_camera/share/ament_index/resource_index
creating /home/chei/Desktop/sandhacks/install/oak_camera/share/ament_index/resource_index/packages
copying resource/oak_camera -> /home/chei/Desktop/sandhacks/install/oak_camera/share/ament_index/resource_index/packages
copying package.xml -> /home/chei/Desktop/sandhacks/install/oak_camera/share/oak_camera
creating /home/chei/Desktop/sandhacks/install/oak_camera/share/oak_camera/launch
copying launch/camera.launch.py -> /home/chei/Desktop/sandhacks/install/oak_camera/share/oak_camera/launch
creating /home/chei/Desktop/sandhacks/install/oak_camera/share/oak_camera/config
copying config/camera_params.yaml -> /home/chei/Desktop/sandhacks/install/oak_camera/share/oak_camera/config
running install_egg_info
Copying ../../../build/oak_camera/oak_camera.egg-info to /home/chei/Desktop/sandhacks/install/oak_camera/lib/python3.10/site-packages/oak_camera-0.1.0-py3.10.egg-info
running install_scripts
Installing camera_node script to /home/chei/Desktop/sandhacks/install/oak_camera/lib/oak_camera
writing list of installed files to '/home/chei/Desktop/sandhacks/build/oak_camera/install.log'
