[1.258s] Invoking command in '/home/chei/Desktop/sandhacks/ros2/src/oak_camera': PYTHONPATH=/home/chei/Desktop/sandhacks/build/oak_camera/prefix_override:/usr/lib/python3/dist-packages/colcon_core/task/python/colcon_distutils_commands:/home/chei/Desktop/sandhacks/install/oak_camera/lib/python3.10/site-packages:${PYTHONPATH} /usr/bin/python3 -W ignore:setup.py install is deprecated -W ignore:easy_install command is deprecated setup.py egg_info --egg-base ../../../build/oak_camera build --build-base /home/chei/Desktop/sandhacks/build/oak_camera/build install --record /home/chei/Desktop/sandhacks/build/oak_camera/install.log --single-version-externally-managed install_data
[1.765s] running egg_info
[1.766s] creating ../../../build/oak_camera/oak_camera.egg-info
[1.774s] writing ../../../build/oak_camera/oak_camera.egg-info/PKG-INFO
[1.774s] writing dependency_links to ../../../build/oak_camera/oak_camera.egg-info/dependency_links.txt
[1.775s] writing entry points to ../../../build/oak_camera/oak_camera.egg-info/entry_points.txt
[1.775s] writing requirements to ../../../build/oak_camera/oak_camera.egg-info/requires.txt
[1.775s] writing top-level names to ../../../build/oak_camera/oak_camera.egg-info/top_level.txt
[1.775s] writing manifest file '../../../build/oak_camera/oak_camera.egg-info/SOURCES.txt'
[1.778s] reading manifest file '../../../build/oak_camera/oak_camera.egg-info/SOURCES.txt'
[1.780s] writing manifest file '../../../build/oak_camera/oak_camera.egg-info/SOURCES.txt'
[1.780s] running build
[1.780s] running build_py
[1.780s] creating /home/chei/Desktop/sandhacks/build/oak_camera/build
[1.781s] creating /home/chei/Desktop/sandhacks/build/oak_camera/build/lib
[1.781s] creating /home/chei/Desktop/sandhacks/build/oak_camera/build/lib/oak_camera
[1.781s] copying oak_camera/__init__.py -> /home/chei/Desktop/sandhacks/build/oak_camera/build/lib/oak_camera
[1.781s] copying oak_camera/camera_node.py -> /home/chei/Desktop/sandhacks/build/oak_camera/build/lib/oak_camera
[1.781s] running install
[1.782s] running install_lib
[1.783s] creating /home/chei/Desktop/sandhacks/install/oak_camera/lib/python3.10/site-packages/oak_camera
[1.783s] copying /home/chei/Desktop/sandhacks/build/oak_camera/build/lib/oak_camera/__init__.py -> /home/chei/Desktop/sandhacks/install/oak_camera/lib/python3.10/site-packages/oak_camera
[1.784s] copying /home/chei/Desktop/sandhacks/build/oak_camera/build/lib/oak_camera/camera_node.py -> /home/chei/Desktop/sandhacks/install/oak_camera/lib/python3.10/site-packages/oak_camera
[1.784s] byte-compiling /home/chei/Desktop/sandhacks/install/oak_camera/lib/python3.10/site-packages/oak_camera/__init__.py to __init__.cpython-310.pyc
[1.784s] byte-compiling /home/chei/Desktop/sandhacks/install/oak_camera/lib/python3.10/site-packages/oak_camera/camera_node.py to camera_node.cpython-310.pyc
[1.789s] running install_data
[1.789s] creating /home/chei/Desktop/sandhacks/install/oak_camera/share/ament_index
[1.789s] creating /home/chei/Desktop/sandhacks/install/oak_camera/share/ament_index/resource_index
[1.789s] creating /home/chei/Desktop/sandhacks/install/oak_camera/share/ament_index/resource_index/packages
[1.790s] copying resource/oak_camera -> /home/chei/Desktop/sandhacks/install/oak_camera/share/ament_index/resource_index/packages
[1.790s] copying package.xml -> /home/chei/Desktop/sandhacks/install/oak_camera/share/oak_camera
[1.790s] creating /home/chei/Desktop/sandhacks/install/oak_camera/share/oak_camera/launch
[1.790s] copying launch/camera.launch.py -> /home/chei/Desktop/sandhacks/install/oak_camera/share/oak_camera/launch
[1.790s] creating /home/chei/Desktop/sandhacks/install/oak_camera/share/oak_camera/config
[1.791s] copying config/camera_params.yaml -> /home/chei/Desktop/sandhacks/install/oak_camera/share/oak_camera/config
[1.791s] running install_egg_info
[1.794s] Copying ../../../build/oak_camera/oak_camera.egg-info to /home/chei/Desktop/sandhacks/install/oak_camera/lib/python3.10/site-packages/oak_camera-0.1.0-py3.10.egg-info
[1.795s] running install_scripts
[1.829s] Installing camera_node script to /home/chei/Desktop/sandhacks/install/oak_camera/lib/oak_camera
[1.829s] writing list of installed files to '/home/chei/Desktop/sandhacks/build/oak_camera/install.log'
[1.871s] Invoked command in '/home/chei/Desktop/sandhacks/ros2/src/oak_camera' returned '0': PYTHONPATH=/home/chei/Desktop/sandhacks/build/oak_camera/prefix_override:/usr/lib/python3/dist-packages/colcon_core/task/python/colcon_distutils_commands:/home/chei/Desktop/sandhacks/install/oak_camera/lib/python3.10/site-packages:${PYTHONPATH} /usr/bin/python3 -W ignore:setup.py install is deprecated -W ignore:easy_install command is deprecated setup.py egg_info --egg-base ../../../build/oak_camera build --build-base /home/chei/Desktop/sandhacks/build/oak_camera/build install --record /home/chei/Desktop/sandhacks/build/oak_camera/install.log --single-version-externally-managed install_data
